// Jest Snapshot v1, https://goo.gl/fbAQLP

exports[`should render AddExpensePage correctly 1`] = `
<div
  className="expense-page"
>
  <div>
    <div
      className="content-container"
    >
      <h1>
        Add Expense
      </h1>
    </div>
  </div>
  <div
    id="addExpenseForm"
  >
    <ExpenseForm
      onSubmit={[Function]}
    />
  </div>
</div>
`;
