// Jest Snapshot v1, https://goo.gl/fbAQLP

exports[`should render startEditExpense 1`] = `
<div
  className="expense-edit"
>
  <div>
    <div
      className="content-container"
    >
      <h2>
        Edit Expense
      </h2>
    </div>
  </div>
  <div
    className="editExpenseForm"
  >
    <ExpenseForm
      expense={
        Object {
          "amount": 4500,
          "createdAt": 345600000,
          "description": "Credit Card",
          "id": "3",
          "note": "",
        }
      }
      onSubmit={[Function]}
    />
    <button
      onClick={[Function]}
    >
      Remove Expense
    </button>
  </div>
</div>
`;
